--- Startup times for process: Primary (or UI client) ---

times in msec
 clock   self+sourced   self:  sourced script
 clock   elapsed:              other lines

000.001  000.001: --- NVIM STARTING ---
000.139  000.139: event init
000.533  000.394: early init
001.595  001.062: locale set
001.628  000.034: init first window
002.212  000.583: inits 1
002.220  000.009: window checked
002.541  000.320: parsing arguments
003.360  000.051  000.051: require('vim._core.shared')
003.446  000.006  000.006: require('string.buffer')
003.473  000.052  000.046: require('vim.inspect')
003.525  000.043  000.043: require('vim._core.options')
003.527  000.164  000.069: require('vim._core.editor')
003.553  000.024  000.024: require('vim._core.system')
003.555  000.282  000.043: require('vim._init_packages')
003.557  000.734: init lua interpreter
008.605  005.048: nvim_ui_attach
009.018  000.413: nvim_set_client_info
009.019  000.002: --- NVIM STARTED ---

--- Startup times for process: Embedded ---

times in msec
 clock   self+sourced   self:  sourced script
 clock   elapsed:              other lines

000.000  000.000: --- NVIM STARTING ---
000.107  000.107: event init
000.246  000.140: early init
000.647  000.401: locale set
000.675  000.027: init first window
004.677  004.002: inits 1
004.691  000.014: window checked
004.955  000.264: parsing arguments
005.423  000.038  000.038: require('vim._core.shared')
005.486  000.004  000.004: require('string.buffer')
005.506  000.038  000.033: require('vim.inspect')
005.543  000.030  000.030: require('vim._core.options')
005.545  000.119  000.051: require('vim._core.editor')
005.572  000.026  000.026: require('vim._core.system')
005.573  000.211  000.029: require('vim._init_packages')
005.575  000.409: init lua interpreter
007.841  002.266: expanding arguments
007.856  000.015: inits 2
008.112  000.256: init highlight
008.113  000.001: waiting for UI
008.256  000.144: done waiting for UI
008.269  000.013: clear screen
008.428  000.016  000.016: require('vim.keymap')
009.497  000.137  000.137: sourcing nvim_exec2()
009.530  000.009  000.009: require('vim._core.log')
042.606  034.334  034.171: require('vim._core.defaults')
042.611  000.009: init default mappings & autocommands
043.838  000.068  000.068: sourcing /opt/homebrew/Cellar/neovim/0.12.1/share/nvim/runtime/ftplugin.vim
043.990  000.032  000.032: sourcing /opt/homebrew/Cellar/neovim/0.12.1/share/nvim/runtime/indent.vim
046.109  001.290  001.290: require('lazy')
046.142  000.014  000.014: require('ffi')
046.203  000.037  000.037: require('vim.fs')
046.495  000.289  000.289: require('vim.uri')
046.510  000.365  000.039: require('vim.loader')
046.998  000.461  000.461: require('lazy.stats')
047.258  000.204  000.204: require('lazy.core.util')
047.491  000.231  000.231: require('lazy.core.config')
047.877  000.191  000.191: require('lazy.core.handler')
048.613  000.277  000.277: require('lazy.pkg')
048.619  000.519  000.242: require('lazy.core.meta')
048.627  000.749  000.230: require('lazy.core.plugin')
048.636  001.143  000.203: require('lazy.core.loader')
049.443  000.241  000.241: require('lazy.core.fragments')
051.319  000.198  000.198: require('lazy.core.handler.event')
051.454  000.132  000.132: require('lazy.core.handler.ft')
051.592  000.135  000.135: require('lazy.core.handler.cmd')
051.771  000.177  000.177: require('lazy.core.handler.keys')
052.748  000.344  000.344: sourcing nvim_exec2() called at /opt/homebrew/Cellar/neovim/0.12.1/share/nvim/runtime/filetype.lua:0
052.751  000.494  000.151: sourcing /opt/homebrew/Cellar/neovim/0.12.1/share/nvim/runtime/filetype.lua
052.759  000.585  000.091: sourcing nvim_exec2() called at /Users/lklemstein/.dotfiles/config/nvim/init.lua:0
052.843  000.002  000.002: sourcing nvim_exec2() called at /Users/lklemstein/.dotfiles/config/nvim/init.lua:0
052.852  000.001  000.001: sourcing nvim_exec2() called at /Users/lklemstein/.dotfiles/config/nvim/init.lua:0
054.945  000.154  000.154: sourcing /Users/lklemstein/.local/share/nvim/lazy/everforest/autoload/everforest.vim
061.770  007.091  006.937: sourcing /Users/lklemstein/.local/share/nvim/lazy/everforest/colors/everforest.vim
062.154  000.002  000.002: sourcing nvim_exec2() called at /Users/lklemstein/.dotfiles/config/nvim/init.lua:0
062.163  000.001  000.001: sourcing nvim_exec2() called at /Users/lklemstein/.dotfiles/config/nvim/init.lua:0
062.172  000.001  000.001: sourcing nvim_exec2() called at /Users/lklemstein/.dotfiles/config/nvim/init.lua:0
062.178  000.001  000.001: sourcing nvim_exec2() called at /Users/lklemstein/.dotfiles/config/nvim/init.lua:0
063.509  000.143  000.143: require('ibl.utils')
063.514  000.284  000.141: require('ibl.config')
063.639  000.124  000.124: require('ibl.indent')
063.645  001.463  001.055: require('ibl.hooks')
064.066  000.198  000.198: require('ibl.highlights')
064.231  000.163  000.163: require('ibl.autocmds')
064.421  000.188  000.188: require('ibl.inlay_hints')
064.555  000.133  000.133: require('ibl.virt_text')
064.928  000.217  000.217: require('ibl.scope_languages')
064.930  000.375  000.158: require('ibl.scope')
064.937  001.231  000.174: require('ibl')
065.484  000.320  000.320: require('vim.iter')
066.726  000.817  000.817: require('vim.lsp.protocol')
066.748  000.995  000.178: require('vim.lsp.log')
066.943  000.192  000.192: require('vim.lsp.util')
067.195  000.137  000.137: require('vim.lsp.sync')
067.199  000.254  000.117: require('vim.lsp._changetracking')
067.430  000.119  000.119: require('vim.lsp._transport')
067.436  000.005  000.005: require('vim._core.stringbuffer')
067.479  000.279  000.155: require('vim.lsp.rpc')
067.529  002.026  000.306: require('vim.lsp')
067.792  000.139  000.139: require('vim.lsp.completion')
067.890  000.359  000.221: require('vim.lsp.handlers')
068.261  000.066  000.066: sourcing /Users/lklemstein/.local/share/nvim/lazy/vim-tmux-navigator/plugin/tmux_navigator.vim
068.268  000.142  000.076: sourcing nvim_exec2() called at /Users/lklemstein/.dotfiles/config/nvim/init.lua:0
068.272  000.001  000.001: sourcing nvim_exec2() called at /Users/lklemstein/.dotfiles/config/nvim/init.lua:0
068.280  000.001  000.001: sourcing nvim_exec2() called at /Users/lklemstein/.dotfiles/config/nvim/init.lua:0
068.640  000.004  000.004: sourcing nvim_exec2() called at /Users/lklemstein/.dotfiles/config/nvim/init.lua:0
068.650  000.002  000.002: sourcing nvim_exec2() called at /Users/lklemstein/.dotfiles/config/nvim/init.lua:0
068.951  000.002  000.002: sourcing nvim_exec2() called at /Users/lklemstein/.dotfiles/config/nvim/init.lua:0
068.971  000.001  000.001: sourcing nvim_exec2() called at /Users/lklemstein/.dotfiles/config/nvim/init.lua:0
069.667  000.122  000.122: require('lualine_require')
069.947  000.973  000.852: require('lualine')
070.057  000.007  000.007: sourcing nvim_exec2() called at /Users/lklemstein/.dotfiles/config/nvim/init.lua:0
070.977  000.004  000.004: sourcing nvim_exec2() called at /Users/lklemstein/.dotfiles/config/nvim/init.lua:0
071.397  000.004  000.004: sourcing nvim_exec2() called at /Users/lklemstein/.dotfiles/config/nvim/init.lua:0
071.490  000.002  000.002: sourcing nvim_exec2() called at /Users/lklemstein/.dotfiles/config/nvim/init.lua:0
071.523  000.002  000.002: sourcing nvim_exec2() called at /Users/lklemstein/.dotfiles/config/nvim/init.lua:0
071.540  000.004  000.004: sourcing nvim_exec2() called at /Users/lklemstein/.dotfiles/config/nvim/init.lua:0
071.552  000.002  000.002: sourcing nvim_exec2() called at /Users/lklemstein/.dotfiles/config/nvim/init.lua:0
071.600  000.002  000.002: sourcing nvim_exec2() called at /Users/lklemstein/.dotfiles/config/nvim/init.lua:0
071.690  000.003  000.003: sourcing nvim_exec2() called at /Users/lklemstein/.dotfiles/config/nvim/init.lua:0
071.755  000.012  000.012: sourcing nvim_exec2() called at /Users/lklemstein/.dotfiles/config/nvim/init.lua:0
071.769  000.002  000.002: sourcing nvim_exec2() called at /Users/lklemstein/.dotfiles/config/nvim/init.lua:0
071.782  000.003  000.003: sourcing nvim_exec2() called at /Users/lklemstein/.dotfiles/config/nvim/init.lua:0
071.792  000.002  000.002: sourcing nvim_exec2() called at /Users/lklemstein/.dotfiles/config/nvim/init.lua:0
071.802  000.002  000.002: sourcing nvim_exec2() called at /Users/lklemstein/.dotfiles/config/nvim/init.lua:0
071.816  000.002  000.002: sourcing nvim_exec2() called at /Users/lklemstein/.dotfiles/config/nvim/init.lua:0
071.826  000.001  000.001: sourcing nvim_exec2() called at /Users/lklemstein/.dotfiles/config/nvim/init.lua:0
071.881  000.002  000.002: sourcing nvim_exec2() called at /Users/lklemstein/.dotfiles/config/nvim/init.lua:0
071.893  000.002  000.002: sourcing nvim_exec2() called at /Users/lklemstein/.dotfiles/config/nvim/init.lua:0
071.943  000.002  000.002: sourcing nvim_exec2() called at /Users/lklemstein/.dotfiles/config/nvim/init.lua:0
072.002  000.002  000.002: sourcing nvim_exec2() called at /Users/lklemstein/.dotfiles/config/nvim/init.lua:0
072.052  000.003  000.003: sourcing nvim_exec2() called at /Users/lklemstein/.dotfiles/config/nvim/init.lua:0
072.102  000.002  000.002: sourcing nvim_exec2() called at /Users/lklemstein/.dotfiles/config/nvim/init.lua:0
072.174  000.002  000.002: sourcing nvim_exec2() called at /Users/lklemstein/.dotfiles/config/nvim/init.lua:0
072.182  000.006  000.006: sourcing nvim_exec2() called at /Users/lklemstein/.dotfiles/config/nvim/init.lua:0
073.610  000.129  000.129: require('lualine.utils.mode')
073.999  000.004  000.004: sourcing nvim_exec2() called at /Users/lklemstein/.dotfiles/config/nvim/init.lua:0
074.005  000.003  000.003: sourcing nvim_exec2() called at /Users/lklemstein/.dotfiles/config/nvim/init.lua:0
074.166  000.003  000.003: sourcing nvim_exec2() called at /Users/lklemstein/.dotfiles/config/nvim/init.lua:0
074.178  000.002  000.002: sourcing nvim_exec2() called at /Users/lklemstein/.dotfiles/config/nvim/init.lua:0
074.191  000.002  000.002: sourcing nvim_exec2() called at /Users/lklemstein/.dotfiles/config/nvim/init.lua:0
074.203  000.002  000.002: sourcing nvim_exec2() called at /Users/lklemstein/.dotfiles/config/nvim/init.lua:0
074.214  000.002  000.002: sourcing nvim_exec2() called at /Users/lklemstein/.dotfiles/config/nvim/init.lua:0
074.226  000.002  000.002: sourcing nvim_exec2() called at /Users/lklemstein/.dotfiles/config/nvim/init.lua:0
074.237  000.002  000.002: sourcing nvim_exec2() called at /Users/lklemstein/.dotfiles/config/nvim/init.lua:0
074.253  000.002  000.002: sourcing nvim_exec2() called at /Users/lklemstein/.dotfiles/config/nvim/init.lua:0
074.266  000.002  000.002: sourcing nvim_exec2() called at /Users/lklemstein/.dotfiles/config/nvim/init.lua:0
074.277  000.002  000.002: sourcing nvim_exec2() called at /Users/lklemstein/.dotfiles/config/nvim/init.lua:0
074.288  000.002  000.002: sourcing nvim_exec2() called at /Users/lklemstein/.dotfiles/config/nvim/init.lua:0
074.302  000.002  000.002: sourcing nvim_exec2() called at /Users/lklemstein/.dotfiles/config/nvim/init.lua:0
074.314  000.002  000.002: sourcing nvim_exec2() called at /Users/lklemstein/.dotfiles/config/nvim/init.lua:0
074.326  000.002  000.002: sourcing nvim_exec2() called at /Users/lklemstein/.dotfiles/config/nvim/init.lua:0
074.340  000.002  000.002: sourcing nvim_exec2() called at /Users/lklemstein/.dotfiles/config/nvim/init.lua:0
074.354  000.002  000.002: sourcing nvim_exec2() called at /Users/lklemstein/.dotfiles/config/nvim/init.lua:0
074.366  000.002  000.002: sourcing nvim_exec2() called at /Users/lklemstein/.dotfiles/config/nvim/init.lua:0
074.377  000.001  000.001: sourcing nvim_exec2() called at /Users/lklemstein/.dotfiles/config/nvim/init.lua:0
074.388  000.001  000.001: sourcing nvim_exec2() called at /Users/lklemstein/.dotfiles/config/nvim/init.lua:0
074.399  000.002  000.002: sourcing nvim_exec2() called at /Users/lklemstein/.dotfiles/config/nvim/init.lua:0
074.411  000.002  000.002: sourcing nvim_exec2() called at /Users/lklemstein/.dotfiles/config/nvim/init.lua:0
074.579  000.005  000.005: sourcing nvim_exec2() called at /Users/lklemstein/.dotfiles/config/nvim/init.lua:0
074.583  000.001  000.001: sourcing nvim_exec2() called at /Users/lklemstein/.dotfiles/config/nvim/init.lua:0
074.587  000.002  000.002: sourcing nvim_exec2() called at /Users/lklemstein/.dotfiles/config/nvim/init.lua:0
074.591  000.002  000.002: sourcing nvim_exec2() called at /Users/lklemstein/.dotfiles/config/nvim/init.lua:0
075.793  000.003  000.003: sourcing nvim_exec2() called at /Users/lklemstein/.dotfiles/config/nvim/init.lua:0
075.807  000.002  000.002: sourcing nvim_exec2() called at /Users/lklemstein/.dotfiles/config/nvim/init.lua:0
075.819  000.002  000.002: sourcing nvim_exec2() called at /Users/lklemstein/.dotfiles/config/nvim/init.lua:0
075.880  000.002  000.002: sourcing nvim_exec2() called at /Users/lklemstein/.dotfiles/config/nvim/init.lua:0
075.892  000.002  000.002: sourcing nvim_exec2() called at /Users/lklemstein/.dotfiles/config/nvim/init.lua:0
075.906  000.002  000.002: sourcing nvim_exec2() called at /Users/lklemstein/.dotfiles/config/nvim/init.lua:0
075.919  000.002  000.002: sourcing nvim_exec2() called at /Users/lklemstein/.dotfiles/config/nvim/init.lua:0
075.934  000.003  000.003: sourcing nvim_exec2() called at /Users/lklemstein/.dotfiles/config/nvim/init.lua:0
075.944  000.002  000.002: sourcing nvim_exec2() called at /Users/lklemstein/.dotfiles/config/nvim/init.lua:0
075.997  000.002  000.002: sourcing nvim_exec2() called at /Users/lklemstein/.dotfiles/config/nvim/init.lua:0
076.008  000.002  000.002: sourcing nvim_exec2() called at /Users/lklemstein/.dotfiles/config/nvim/init.lua:0
076.020  000.002  000.002: sourcing nvim_exec2() called at /Users/lklemstein/.dotfiles/config/nvim/init.lua:0
076.032  000.002  000.002: sourcing nvim_exec2() called at /Users/lklemstein/.dotfiles/config/nvim/init.lua:0
076.044  000.002  000.002: sourcing nvim_exec2() called at /Users/lklemstein/.dotfiles/config/nvim/init.lua:0
076.058  000.002  000.002: sourcing nvim_exec2() called at /Users/lklemstein/.dotfiles/config/nvim/init.lua:0
076.070  000.002  000.002: sourcing nvim_exec2() called at /Users/lklemstein/.dotfiles/config/nvim/init.lua:0
076.082  000.002  000.002: sourcing nvim_exec2() called at /Users/lklemstein/.dotfiles/config/nvim/init.lua:0
076.093  000.002  000.002: sourcing nvim_exec2() called at /Users/lklemstein/.dotfiles/config/nvim/init.lua:0
076.106  000.002  000.002: sourcing nvim_exec2() called at /Users/lklemstein/.dotfiles/config/nvim/init.lua:0
076.117  000.002  000.002: sourcing nvim_exec2() called at /Users/lklemstein/.dotfiles/config/nvim/init.lua:0
076.129  000.002  000.002: sourcing nvim_exec2() called at /Users/lklemstein/.dotfiles/config/nvim/init.lua:0
076.142  000.002  000.002: sourcing nvim_exec2() called at /Users/lklemstein/.dotfiles/config/nvim/init.lua:0
076.159  000.002  000.002: sourcing nvim_exec2() called at /Users/lklemstein/.dotfiles/config/nvim/init.lua:0
076.171  000.002  000.002: sourcing nvim_exec2() called at /Users/lklemstein/.dotfiles/config/nvim/init.lua:0
076.181  000.002  000.002: sourcing nvim_exec2() called at /Users/lklemstein/.dotfiles/config/nvim/init.lua:0
076.193  000.002  000.002: sourcing nvim_exec2() called at /Users/lklemstein/.dotfiles/config/nvim/init.lua:0
076.203  000.002  000.002: sourcing nvim_exec2() called at /Users/lklemstein/.dotfiles/config/nvim/init.lua:0
076.214  000.002  000.002: sourcing nvim_exec2() called at /Users/lklemstein/.dotfiles/config/nvim/init.lua:0
076.305  000.007  000.007: sourcing nvim_exec2() called at /Users/lklemstein/.dotfiles/config/nvim/init.lua:0
076.326  000.004  000.004: sourcing nvim_exec2() called at /Users/lklemstein/.dotfiles/config/nvim/init.lua:0
076.336  000.008  000.008: sourcing nvim_exec2() called at /Users/lklemstein/.dotfiles/config/nvim/init.lua:0
076.342  000.004  000.004: sourcing nvim_exec2() called at /Users/lklemstein/.dotfiles/config/nvim/init.lua:0
076.347  000.003  000.003: sourcing nvim_exec2() called at /Users/lklemstein/.dotfiles/config/nvim/init.lua:0
076.790  000.087  000.087: sourcing /opt/homebrew/Cellar/neovim/0.12.1/share/nvim/runtime/plugin/editorconfig.lua
076.797  000.176  000.090: sourcing nvim_exec2() called at /Users/lklemstein/.dotfiles/config/nvim/init.lua:0
077.003  000.138  000.138: sourcing /opt/homebrew/Cellar/neovim/0.12.1/share/nvim/runtime/plugin/gzip.vim
077.009  000.205  000.068: sourcing nvim_exec2() called at /Users/lklemstein/.dotfiles/config/nvim/init.lua:0
077.166  000.091  000.091: sourcing /opt/homebrew/Cellar/neovim/0.12.1/share/nvim/runtime/plugin/man.lua
077.171  000.159  000.068: sourcing nvim_exec2() called at /Users/lklemstein/.dotfiles/config/nvim/init.lua:0
077.841  000.006  000.006: require('vim.F')
078.300  000.118  000.118: sourcing /opt/homebrew/Cellar/neovim/0.12.1/share/nvim/runtime/pack/dist/opt/matchit/plugin/matchit.vim
078.317  001.081  000.957: sourcing /opt/homebrew/Cellar/neovim/0.12.1/share/nvim/runtime/plugin/matchit.vim
078.323  001.145  000.065: sourcing nvim_exec2() called at /Users/lklemstein/.dotfiles/config/nvim/init.lua:0
078.475  000.089  000.089: sourcing /opt/homebrew/Cellar/neovim/0.12.1/share/nvim/runtime/plugin/matchparen.vim
078.480  000.153  000.063: sourcing nvim_exec2() called at /Users/lklemstein/.dotfiles/config/nvim/init.lua:0
078.657  000.087  000.087: sourcing /opt/homebrew/Cellar/neovim/0.12.1/share/nvim/runtime/plugin/net.lua
078.663  000.152  000.065: sourcing nvim_exec2() called at /Users/lklemstein/.dotfiles/config/nvim/init.lua:0
079.632  000.145  000.145: sourcing /opt/homebrew/Cellar/neovim/0.12.1/share/nvim/runtime/pack/dist/opt/netrw/plugin/netrwPlugin.vim
079.648  000.923  000.778: sourcing /opt/homebrew/Cellar/neovim/0.12.1/share/nvim/runtime/plugin/netrwPlugin.vim
079.654  000.988  000.065: sourcing nvim_exec2() called at /Users/lklemstein/.dotfiles/config/nvim/init.lua:0
079.798  000.073  000.073: sourcing /opt/homebrew/Cellar/neovim/0.12.1/share/nvim/runtime/plugin/osc52.lua
079.803  000.145  000.072: sourcing nvim_exec2() called at /Users/lklemstein/.dotfiles/config/nvim/init.lua:0
080.003  000.132  000.132: sourcing /opt/homebrew/Cellar/neovim/0.12.1/share/nvim/runtime/plugin/rplugin.vim
080.009  000.201  000.070: sourcing nvim_exec2() called at /Users/lklemstein/.dotfiles/config/nvim/init.lua:0
080.166  000.088  000.088: sourcing /opt/homebrew/Cellar/neovim/0.12.1/share/nvim/runtime/plugin/shada.lua
080.171  000.158  000.069: sourcing nvim_exec2() called at /Users/lklemstein/.dotfiles/config/nvim/init.lua:0
080.298  000.058  000.058: sourcing /opt/homebrew/Cellar/neovim/0.12.1/share/nvim/runtime/plugin/spellfile.lua
080.303  000.129  000.071: sourcing nvim_exec2() called at /Users/lklemstein/.dotfiles/config/nvim/init.lua:0
080.427  000.056  000.056: sourcing /opt/homebrew/Cellar/neovim/0.12.1/share/nvim/runtime/plugin/tarPlugin.vim
080.432  000.125  000.070: sourcing nvim_exec2() called at /Users/lklemstein/.dotfiles/config/nvim/init.lua:0
080.511  000.011  000.011: sourcing /opt/homebrew/Cellar/neovim/0.12.1/share/nvim/runtime/plugin/tutor.vim
080.516  000.082  000.071: sourcing nvim_exec2() called at /Users/lklemstein/.dotfiles/config/nvim/init.lua:0
080.672  000.074  000.074: sourcing /opt/homebrew/Cellar/neovim/0.12.1/share/nvim/runtime/plugin/zipPlugin.vim
080.677  000.143  000.069: sourcing nvim_exec2() called at /Users/lklemstein/.dotfiles/config/nvim/init.lua:0
080.984  000.074  000.074: sourcing /Users/lklemstein/.local/share/nvim/lazy/indent-blankline.nvim/after/plugin/commands.lua
080.989  000.149  000.075: sourcing nvim_exec2() called at /Users/lklemstein/.dotfiles/config/nvim/init.lua:0
081.295  000.053  000.053: sourcing /opt/homebrew/Cellar/neovim/0.12.1/share/nvim/runtime/filetype.lua
081.482  000.042  000.042: sourcing /opt/homebrew/Cellar/neovim/0.12.1/share/nvim/runtime/filetype.lua
081.606  000.006  000.006: sourcing /opt/homebrew/Cellar/neovim/0.12.1/share/nvim/runtime/ftplugin.vim
081.713  000.005  000.005: sourcing /opt/homebrew/Cellar/neovim/0.12.1/share/nvim/runtime/indent.vim
081.923  000.035  000.035: sourcing /opt/homebrew/Cellar/neovim/0.12.1/share/nvim/runtime/syntax/synload.vim
081.967  000.176  000.141: sourcing /opt/homebrew/Cellar/neovim/0.12.1/share/nvim/runtime/syntax/syntax.vim
081.972  000.884  000.601: sourcing nvim_exec2() called at /Users/lklemstein/.dotfiles/config/nvim/init.lua:0
082.098  000.007  000.007: sourcing nvim_exec2() called at /Users/lklemstein/.dotfiles/config/nvim/init.lua:0
082.105  037.870  013.728: sourcing /Users/lklemstein/.config/nvim/init.lua
082.119  001.537: sourcing vimrc file(s)
082.126  000.007: inits 3
083.685  001.559: reading ShaDa
084.996  000.963  000.963: require('gitsigns')
085.598  000.510  000.510: require('gitsigns.highlight')
085.740  000.137  000.137: require('gitsigns.debug.log')
085.857  000.115  000.115: require('gitsigns.config')
086.272  000.092  000.092: require('gitsigns.async')
086.452  000.094  000.094: require('gitsigns.util')
086.455  000.181  000.087: require('gitsigns.hunks')
086.635  000.078  000.078: require('gitsigns.diff')
086.714  000.078  000.078: require('gitsigns.signs')
086.789  000.074  000.074: require('gitsigns.status')
086.863  000.073  000.073: require('gitsigns.debounce')
086.952  000.088  000.088: require('gitsigns.cache')
086.962  000.507  000.116: require('gitsigns.manager')
087.068  000.105  000.105: require('gitsigns.message')
087.147  000.078  000.078: require('gitsigns.repeat')
087.194  001.117  000.154: require('gitsigns.actions')
087.657  000.078  000.078: require('gitsigns.system')
087.659  000.162  000.084: require('gitsigns.git.cmd')
087.743  000.084  000.084: require('gitsigns.git.errors')
087.827  000.083  000.083: require('gitsigns.git.version')
087.831  000.432  000.103: require('gitsigns.git.repo')
087.834  000.544  000.112: require('gitsigns.git')
087.838  000.640  000.097: require('gitsigns.attach')
087.938  000.085  000.085: require('gitsigns.current_line_blame')
090.030  006.056  002.489: sourcing /Users/lklemstein/.local/share/nvim/lazy/gitsigns.nvim/plugin/gitsigns.lua
090.037  006.122  000.066: sourcing nvim_exec2() called at BufReadPre Autocommands for "*":0
090.047  000.003  000.003: sourcing nvim_exec2() called at BufReadPre Autocommands for "*":0
090.057  000.001  000.001: sourcing nvim_exec2() called at BufReadPre Autocommands for "*":0
091.751  000.084  000.084: require('nvim-treesitter.utils')
092.449  000.081  000.081: require('vim.treesitter.language')
092.540  000.090  000.090: require('vim.func')
092.634  000.094  000.094: require('vim.treesitter._range')
092.723  000.086  000.086: require('vim.func._memoize')
092.740  000.464  000.114: require('vim.treesitter.query')
092.752  000.669  000.205: require('vim.treesitter.languagetree')
092.756  000.776  000.107: require('vim.treesitter')
093.195  001.442  000.666: require('nvim-treesitter.parsers')
093.661  000.099  000.099: require('nvim-treesitter.compat')
093.860  000.114  000.114: require('nvim-treesitter.ts_utils')
093.863  000.201  000.087: require('nvim-treesitter.tsrange')
093.970  000.106  000.106: require('nvim-treesitter.caching')
094.000  000.539  000.134: require('nvim-treesitter.query')
094.007  000.652  000.113: require('nvim-treesitter.configs')
094.009  000.813  000.161: require('nvim-treesitter.info')
094.105  000.095  000.095: require('nvim-treesitter.shell_command_selectors')
094.126  002.568  000.134: require('nvim-treesitter.install')
094.206  000.079  000.079: require('nvim-treesitter.statusline')
094.294  000.088  000.088: require('nvim-treesitter.query_predicates')
094.295  003.311  000.576: require('nvim-treesitter')
094.712  003.776  000.465: sourcing /Users/lklemstein/.local/share/nvim/lazy/nvim-treesitter/plugin/nvim-treesitter.lua
094.717  003.856  000.080: sourcing nvim_exec2() called at BufReadPost Autocommands for "*":0
094.721  000.001  000.001: sourcing nvim_exec2() called at BufReadPost Autocommands for "*":0
094.730  000.001  000.001: sourcing nvim_exec2() called at BufReadPost Autocommands for "*":0
096.066  001.260  001.260: require('vim.filetype')
097.006  000.059  000.059: sourcing /opt/homebrew/Cellar/neovim/0.12.1/share/nvim/runtime/ftplugin/lua.vim
100.117  000.206  000.206: require('vim.treesitter.highlighter')
101.472  004.415  004.210: sourcing /opt/homebrew/Cellar/neovim/0.12.1/share/nvim/runtime/ftplugin/lua.lua
102.391  000.028  000.028: sourcing /opt/homebrew/Cellar/neovim/0.12.1/share/nvim/runtime/indent/lua.vim
104.622  000.208  000.208: require('editorconfig')
104.784  005.145: opening buffers
105.491  000.707: BufEnter autocommands
105.493  000.002: editing files in windows
105.597  000.008  000.008: sourcing nvim_exec2() called at OptionSet Autocommands for "background":0
105.979  000.004  000.004: sourcing nvim_exec2() called at OptionSet Autocommands for "background":0
105.981  000.001  000.001: sourcing nvim_exec2() called at OptionSet Autocommands for "background":0
105.989  000.007  000.007: sourcing nvim_exec2() called at OptionSet Autocommands for "background":0
105.991  000.001  000.001: sourcing nvim_exec2() called at OptionSet Autocommands for "background":0
105.993  000.001  000.001: sourcing nvim_exec2() called at OptionSet Autocommands for "background":0
105.996  000.001  000.001: sourcing nvim_exec2() called at OptionSet Autocommands for "background":0
105.997  000.001  000.001: sourcing nvim_exec2() called at OptionSet Autocommands for "background":0
105.999  000.001  000.001: sourcing nvim_exec2() called at OptionSet Autocommands for "background":0
106.040  000.001  000.001: sourcing nvim_exec2() called at OptionSet Autocommands for "background":0
106.042  000.001  000.001: sourcing nvim_exec2() called at OptionSet Autocommands for "background":0
106.045  000.002  000.002: sourcing nvim_exec2() called at OptionSet Autocommands for "background":0
106.047  000.001  000.001: sourcing nvim_exec2() called at OptionSet Autocommands for "background":0
106.049  000.001  000.001: sourcing nvim_exec2() called at OptionSet Autocommands for "background":0
106.051  000.001  000.001: sourcing nvim_exec2() called at OptionSet Autocommands for "background":0
106.053  000.001  000.001: sourcing nvim_exec2() called at OptionSet Autocommands for "background":0
106.054  000.000  000.000: sourcing nvim_exec2() called at OptionSet Autocommands for "background":0
106.055  000.001  000.001: sourcing nvim_exec2() called at OptionSet Autocommands for "background":0
106.058  000.001  000.001: sourcing nvim_exec2() called at OptionSet Autocommands for "background":0
106.059  000.001  000.001: sourcing nvim_exec2() called at OptionSet Autocommands for "background":0
106.061  000.001  000.001: sourcing nvim_exec2() called at OptionSet Autocommands for "background":0
106.063  000.001  000.001: sourcing nvim_exec2() called at OptionSet Autocommands for "background":0
106.065  000.001  000.001: sourcing nvim_exec2() called at OptionSet Autocommands for "background":0
106.067  000.001  000.001: sourcing nvim_exec2() called at OptionSet Autocommands for "background":0
106.069  000.001  000.001: sourcing nvim_exec2() called at OptionSet Autocommands for "background":0
106.071  000.001  000.001: sourcing nvim_exec2() called at OptionSet Autocommands for "background":0
106.073  000.001  000.001: sourcing nvim_exec2() called at OptionSet Autocommands for "background":0
106.075  000.001  000.001: sourcing nvim_exec2() called at OptionSet Autocommands for "background":0
106.076  000.001  000.001: sourcing nvim_exec2() called at OptionSet Autocommands for "background":0
106.078  000.001  000.001: sourcing nvim_exec2() called at OptionSet Autocommands for "background":0
106.080  000.001  000.001: sourcing nvim_exec2() called at OptionSet Autocommands for "background":0
106.082  000.001  000.001: sourcing nvim_exec2() called at OptionSet Autocommands for "background":0
106.098  000.015  000.015: sourcing nvim_exec2() called at OptionSet Autocommands for "background":0
106.101  000.001  000.001: sourcing nvim_exec2() called at OptionSet Autocommands for "background":0
106.102  000.001  000.001: sourcing nvim_exec2() called at OptionSet Autocommands for "background":0
106.104  000.001  000.001: sourcing nvim_exec2() called at OptionSet Autocommands for "background":0
106.106  000.001  000.001: sourcing nvim_exec2() called at OptionSet Autocommands for "background":0
106.107  000.001  000.001: sourcing nvim_exec2() called at OptionSet Autocommands for "background":0
106.109  000.001  000.001: sourcing nvim_exec2() called at OptionSet Autocommands for "background":0
106.111  000.001  000.001: sourcing nvim_exec2() called at OptionSet Autocommands for "background":0
106.112  000.001  000.001: sourcing nvim_exec2() called at OptionSet Autocommands for "background":0
106.114  000.001  000.001: sourcing nvim_exec2() called at OptionSet Autocommands for "background":0
106.116  000.001  000.001: sourcing nvim_exec2() called at OptionSet Autocommands for "background":0
106.117  000.001  000.001: sourcing nvim_exec2() called at OptionSet Autocommands for "background":0
106.119  000.001  000.001: sourcing nvim_exec2() called at OptionSet Autocommands for "background":0
106.121  000.001  000.001: sourcing nvim_exec2() called at OptionSet Autocommands for "background":0
106.122  000.001  000.001: sourcing nvim_exec2() called at OptionSet Autocommands for "background":0
106.124  000.001  000.001: sourcing nvim_exec2() called at OptionSet Autocommands for "background":0
106.125  000.001  000.001: sourcing nvim_exec2() called at OptionSet Autocommands for "background":0
106.127  000.001  000.001: sourcing nvim_exec2() called at OptionSet Autocommands for "background":0
106.129  000.001  000.001: sourcing nvim_exec2() called at OptionSet Autocommands for "background":0
106.130  000.001  000.001: sourcing nvim_exec2() called at OptionSet Autocommands for "background":0
106.132  000.001  000.001: sourcing nvim_exec2() called at OptionSet Autocommands for "background":0
106.134  000.001  000.001: sourcing nvim_exec2() called at OptionSet Autocommands for "background":0
106.135  000.001  000.001: sourcing nvim_exec2() called at OptionSet Autocommands for "background":0
106.136  000.001  000.001: sourcing nvim_exec2() called at OptionSet Autocommands for "background":0
106.138  000.001  000.001: sourcing nvim_exec2() called at OptionSet Autocommands for "background":0
106.153  000.001  000.001: sourcing nvim_exec2() called at OptionSet Autocommands for "background":0
106.156  000.001  000.001: sourcing nvim_exec2() called at OptionSet Autocommands for "background":0
106.163  000.001  000.001: sourcing nvim_exec2() called at OptionSet Autocommands for "background":0
106.164  000.001  000.001: sourcing nvim_exec2() called at OptionSet Autocommands for "background":0
106.166  000.001  000.001: sourcing nvim_exec2() called at OptionSet Autocommands for "background":0
106.168  000.001  000.001: sourcing nvim_exec2() called at OptionSet Autocommands for "background":0
106.170  000.001  000.001: sourcing nvim_exec2() called at OptionSet Autocommands for "background":0
106.172  000.001  000.001: sourcing nvim_exec2() called at OptionSet Autocommands for "background":0
106.173  000.001  000.001: sourcing nvim_exec2() called at OptionSet Autocommands for "background":0
106.175  000.001  000.001: sourcing nvim_exec2() called at OptionSet Autocommands for "background":0
106.176  000.001  000.001: sourcing nvim_exec2() called at OptionSet Autocommands for "background":0
106.178  000.001  000.001: sourcing nvim_exec2() called at OptionSet Autocommands for "background":0
106.180  000.001  000.001: sourcing nvim_exec2() called at OptionSet Autocommands for "background":0
106.181  000.001  000.001: sourcing nvim_exec2() called at OptionSet Autocommands for "background":0
106.183  000.001  000.001: sourcing nvim_exec2() called at OptionSet Autocommands for "background":0
106.237  000.005  000.005: sourcing nvim_exec2() called at OptionSet Autocommands for "background":0
106.278  000.002  000.002: sourcing nvim_exec2() called at OptionSet Autocommands for "background":0
106.307  000.001  000.001: sourcing nvim_exec2() called at OptionSet Autocommands for "background":0
106.315  000.001  000.001: sourcing nvim_exec2() called at OptionSet Autocommands for "background":0
106.349  000.002  000.002: sourcing nvim_exec2() called at OptionSet Autocommands for "background":0
106.403  000.001  000.001: sourcing nvim_exec2() called at OptionSet Autocommands for "background":0
106.438  000.002  000.002: sourcing nvim_exec2() called at OptionSet Autocommands for "background":0
106.447  000.002  000.002: sourcing nvim_exec2() called at OptionSet Autocommands for "background":0
106.454  000.001  000.001: sourcing nvim_exec2() called at OptionSet Autocommands for "background":0
106.460  000.001  000.001: sourcing nvim_exec2() called at OptionSet Autocommands for "background":0
106.467  000.002  000.002: sourcing nvim_exec2() called at OptionSet Autocommands for "background":0
106.473  000.001  000.001: sourcing nvim_exec2() called at OptionSet Autocommands for "background":0
106.479  000.001  000.001: sourcing nvim_exec2() called at OptionSet Autocommands for "background":0
106.486  000.001  000.001: sourcing nvim_exec2() called at OptionSet Autocommands for "background":0
106.492  000.001  000.001: sourcing nvim_exec2() called at OptionSet Autocommands for "background":0
106.498  000.001  000.001: sourcing nvim_exec2() called at OptionSet Autocommands for "background":0
106.505  000.001  000.001: sourcing nvim_exec2() called at OptionSet Autocommands for "background":0
106.511  000.001  000.001: sourcing nvim_exec2() called at OptionSet Autocommands for "background":0
106.533  000.001  000.001: sourcing nvim_exec2() called at OptionSet Autocommands for "background":0
106.540  000.001  000.001: sourcing nvim_exec2() called at OptionSet Autocommands for "background":0
106.546  000.001  000.001: sourcing nvim_exec2() called at OptionSet Autocommands for "background":0
106.552  000.001  000.001: sourcing nvim_exec2() called at OptionSet Autocommands for "background":0
106.559  000.005  000.005: sourcing nvim_exec2() called at OptionSet Autocommands for "background":0
106.760  000.003  000.003: sourcing nvim_exec2() called at OptionSet Autocommands for "background":0
106.764  000.002  000.002: sourcing nvim_exec2() called at OptionSet Autocommands for "background":0
106.839  000.002  000.002: sourcing nvim_exec2() called at OptionSet Autocommands for "background":0
106.846  000.001  000.001: sourcing nvim_exec2() called at OptionSet Autocommands for "background":0
106.852  000.001  000.001: sourcing nvim_exec2() called at OptionSet Autocommands for "background":0
106.885  000.001  000.001: sourcing nvim_exec2() called at OptionSet Autocommands for "background":0
106.921  000.001  000.001: sourcing nvim_exec2() called at OptionSet Autocommands for "background":0
106.941  000.002  000.002: sourcing nvim_exec2() called at OptionSet Autocommands for "background":0
106.949  000.001  000.001: sourcing nvim_exec2() called at OptionSet Autocommands for "background":0
106.958  000.001  000.001: sourcing nvim_exec2() called at OptionSet Autocommands for "background":0
106.964  000.001  000.001: sourcing nvim_exec2() called at OptionSet Autocommands for "background":0
106.969  000.001  000.001: sourcing nvim_exec2() called at OptionSet Autocommands for "background":0
106.975  000.001  000.001: sourcing nvim_exec2() called at OptionSet Autocommands for "background":0
106.982  000.001  000.001: sourcing nvim_exec2() called at OptionSet Autocommands for "background":0
106.989  000.001  000.001: sourcing nvim_exec2() called at OptionSet Autocommands for "background":0
106.996  000.001  000.001: sourcing nvim_exec2() called at OptionSet Autocommands for "background":0
107.005  000.001  000.001: sourcing nvim_exec2() called at OptionSet Autocommands for "background":0
107.012  000.001  000.001: sourcing nvim_exec2() called at OptionSet Autocommands for "background":0
107.025  000.001  000.001: sourcing nvim_exec2() called at OptionSet Autocommands for "background":0
107.036  000.001  000.001: sourcing nvim_exec2() called at OptionSet Autocommands for "background":0
107.082  000.001  000.001: sourcing nvim_exec2() called at OptionSet Autocommands for "background":0
107.088  000.001  000.001: sourcing nvim_exec2() called at OptionSet Autocommands for "background":0
107.118  000.001  000.001: sourcing nvim_exec2() called at OptionSet Autocommands for "background":0
107.124  000.004  000.004: sourcing nvim_exec2() called at OptionSet Autocommands for "background":0
107.127  000.001  000.001: sourcing nvim_exec2() called at OptionSet Autocommands for "background":0
107.130  000.001  000.001: sourcing nvim_exec2() called at OptionSet Autocommands for "background":0
107.133  000.002  000.002: sourcing nvim_exec2() called at OptionSet Autocommands for "background":0
107.837  000.002  000.002: sourcing nvim_exec2() called at OptionSet Autocommands for "background":0
107.844  000.001  000.001: sourcing nvim_exec2() called at OptionSet Autocommands for "background":0
107.850  000.001  000.001: sourcing nvim_exec2() called at OptionSet Autocommands for "background":0
107.856  000.001  000.001: sourcing nvim_exec2() called at OptionSet Autocommands for "background":0
107.862  000.001  000.001: sourcing nvim_exec2() called at OptionSet Autocommands for "background":0
107.868  000.001  000.001: sourcing nvim_exec2() called at OptionSet Autocommands for "background":0
107.874  000.001  000.001: sourcing nvim_exec2() called at OptionSet Autocommands for "background":0
107.883  000.002  000.002: sourcing nvim_exec2() called at OptionSet Autocommands for "background":0
107.888  000.001  000.001: sourcing nvim_exec2() called at OptionSet Autocommands for "background":0
107.895  000.001  000.001: sourcing nvim_exec2() called at OptionSet Autocommands for "background":0
107.900  000.001  000.001: sourcing nvim_exec2() called at OptionSet Autocommands for "background":0
107.906  000.001  000.001: sourcing nvim_exec2() called at OptionSet Autocommands for "background":0
107.912  000.001  000.001: sourcing nvim_exec2() called at OptionSet Autocommands for "background":0
107.970  000.001  000.001: sourcing nvim_exec2() called at OptionSet Autocommands for "background":0
107.977  000.001  000.001: sourcing nvim_exec2() called at OptionSet Autocommands for "background":0
107.988  000.001  000.001: sourcing nvim_exec2() called at OptionSet Autocommands for "background":0
107.994  000.001  000.001: sourcing nvim_exec2() called at OptionSet Autocommands for "background":0
107.999  000.001  000.001: sourcing nvim_exec2() called at OptionSet Autocommands for "background":0
108.017  000.002  000.002: sourcing nvim_exec2() called at OptionSet Autocommands for "background":0
108.023  000.001  000.001: sourcing nvim_exec2() called at OptionSet Autocommands for "background":0
108.057  000.001  000.001: sourcing nvim_exec2() called at OptionSet Autocommands for "background":0
108.065  000.001  000.001: sourcing nvim_exec2() called at OptionSet Autocommands for "background":0
108.072  000.001  000.001: sourcing nvim_exec2() called at OptionSet Autocommands for "background":0
108.078  000.001  000.001: sourcing nvim_exec2() called at OptionSet Autocommands for "background":0
108.084  000.001  000.001: sourcing nvim_exec2() called at OptionSet Autocommands for "background":0
108.089  000.001  000.001: sourcing nvim_exec2() called at OptionSet Autocommands for "background":0
108.095  000.001  000.001: sourcing nvim_exec2() called at OptionSet Autocommands for "background":0
108.100  000.001  000.001: sourcing nvim_exec2() called at OptionSet Autocommands for "background":0
108.144  000.008  000.008: sourcing nvim_exec2() called at OptionSet Autocommands for "background":0
108.156  000.004  000.004: sourcing nvim_exec2() called at OptionSet Autocommands for "background":0
108.164  000.006  000.006: sourcing nvim_exec2() called at OptionSet Autocommands for "background":0
108.169  000.003  000.003: sourcing nvim_exec2() called at OptionSet Autocommands for "background":0
108.174  000.002  000.002: sourcing nvim_exec2() called at OptionSet Autocommands for "background":0
109.162  003.447: VimEnter autocommands
109.200  000.038: UIEnter autocommands
109.201  000.001: before starting main loop
111.559  000.218  000.218: require('vim.hl')
113.556  004.137: first screen update
113.557  000.001: --- NVIM STARTED ---

